0.1250 2026-01-03T00:00:00Z claude-code work-mac aha assistant fixed [needle] in parser msg:v1:c2sxXzY0Y2ZmMjJhYjU1N2ZhNzg3ODY4MDAxMzMyM2M1NDhiMTM4M2U2ZTJiOWQ0ZGNkOWFkMTkyMWJjMGI5YTNlZjU:ZW50cnktNw
0.2500 2026-01-04T00:00:00Z pi work-mac notes.txt artifact artifact [needle] tail artifact:v1:abcdef012345abcdef012345abcdef012345abcdef012345abcdef012345abcd
