[
  {
    "score": 0.125,
    "timestamp": "2026-01-03T00:00:00Z",
    "source": "claude-code",
    "machine": "work-mac",
    "project": "/Users/ade/projects/aha",
    "role": "assistant",
    "snippet": "fixed [needle] in parser",
    "session_key": "sk1_64cff22ab557fa7878680013323c548b1383e6e2b9d4dcd9ad1921bc0b9a3ef5",
    "entry_id": "entry-7",
    "ref": {
      "kind": "message",
      "session_key": "sk1_64cff22ab557fa7878680013323c548b1383e6e2b9d4dcd9ad1921bc0b9a3ef5",
      "entry_id": "entry-7"
    },
    "ref_text": "msg:v1:c2sxXzY0Y2ZmMjJhYjU1N2ZhNzg3ODY4MDAxMzMyM2M1NDhiMTM4M2U2ZTJiOWQ0ZGNkOWFkMTkyMWJjMGI5YTNlZjU:ZW50cnktNw"
  },
  {
    "score": 0.25,
    "timestamp": "2026-01-04T00:00:00Z",
    "source": "pi",
    "machine": "work-mac",
    "project": "notes.txt",
    "role": "artifact",
    "snippet": "artifact [needle] tail",
    "session_key": "",
    "entry_id": "abcdef012345abcdef012345abcdef012345abcdef012345abcdef012345abcd",
    "ref": {
      "kind": "artifact",
      "artifact_sha256": "abcdef012345abcdef012345abcdef012345abcdef012345abcdef012345abcd"
    },
    "ref_text": "artifact:v1:abcdef012345abcdef012345abcdef012345abcdef012345abcdef012345abcd"
  }
]
